<?xml version="1.0" encoding="UTF-8"?>
<testsuites name="jest tests" tests="31" failures="0" errors="0" time="1.067">
  <testsuite name="GET /rooms" errors="0" failures="0" skipped="0" timestamp="2026-03-17T21:21:16" time="0.47" tests="5">
    <testcase classname="GET /rooms returns empty array when no rooms exist" name="GET /rooms returns empty array when no rooms exist" time="0.048">
    </testcase>
    <testcase classname="GET /rooms returns list of active rooms" name="GET /rooms returns list of active rooms" time="0.022">
    </testcase>
    <testcase classname="POST /rooms creates a room successfully" name="POST /rooms creates a room successfully" time="0.034">
    </testcase>
    <testcase classname="POST /rooms returns 400 when name is missing" name="POST /rooms returns 400 when name is missing" time="0.016">
    </testcase>
    <testcase classname="POST /rooms returns 401 when no auth headers provided" name="POST /rooms returns 401 when no auth headers provided" time="0.031">
    </testcase>
  </testsuite>
  <testsuite name="POST /reservations" errors="0" failures="0" skipped="0" timestamp="2026-03-17T21:21:16" time="0.395" tests="7">
    <testcase classname="POST /reservations creates reservation successfully" name="POST /reservations creates reservation successfully" time="0.031">
    </testcase>
    <testcase classname="POST /reservations returns 400 when reservation is in the past" name="POST /reservations returns 400 when reservation is in the past" time="0.023">
    </testcase>
    <testcase classname="POST /reservations returns 400 when reservation exceeds 4 hours" name="POST /reservations returns 400 when reservation exceeds 4 hours" time="0.016">
    </testcase>
    <testcase classname="POST /reservations returns 400 when room is already reserved" name="POST /reservations returns 400 when room is already reserved" time="0.041">
    </testcase>
    <testcase classname="PATCH /reservations/:id/cancel owner can cancel their reservation" name="PATCH /reservations/:id/cancel owner can cancel their reservation" time="0.042">
    </testcase>
    <testcase classname="PATCH /reservations/:id/cancel returns 403 when user tries to cancel someone elses reservation" name="PATCH /reservations/:id/cancel returns 403 when user tries to cancel someone elses reservation" time="0.031">
    </testcase>
    <testcase classname="PATCH /reservations/:id/cancel admin can cancel any reservation" name="PATCH /reservations/:id/cancel admin can cancel any reservation" time="0.037">
    </testcase>
  </testsuite>
  <testsuite name="cancelReservation" errors="0" failures="0" skipped="0" timestamp="2026-03-17T21:21:17" time="0.138" tests="3">
    <testcase classname="cancelReservation odešle e-mail o zrušení po úspěšném zrušení" name="cancelReservation odešle e-mail o zrušení po úspěšném zrušení" time="0.002">
    </testcase>
    <testcase classname="cancelReservation Neodesílá e-mail pokud zrušení není povoleno" name="cancelReservation Neodesílá e-mail pokud zrušení není povoleno" time="0.005">
    </testcase>
    <testcase classname="cancelReservation neodesílá e-maily pokud uživatel nemá oprávnění" name="cancelReservation neodesílá e-maily pokud uživatel nemá oprávnění" time="0.001">
    </testcase>
  </testsuite>
  <testsuite name="hasTimeConflict" errors="0" failures="0" skipped="0" timestamp="2026-03-17T21:21:17" time="0.02" tests="16">
    <testcase classname="hasTimeConflict Vrátí true když nová rezervace překrývá již existující" name="hasTimeConflict Vrátí true když nová rezervace překrývá již existující" time="0.001">
    </testcase>
    <testcase classname="hasTimeConflict vrátí false pokud nová rezervace následuje po existující rezervaci" name="hasTimeConflict vrátí false pokud nová rezervace následuje po existující rezervaci" time="0">
    </testcase>
    <testcase classname="hasTimeConflict vrátí false pokud je nová rezervace před existující" name="hasTimeConflict vrátí false pokud je nová rezervace před existující" time="0">
    </testcase>
    <testcase classname="hasTimeConflict returns false when there are no existing reservations" name="hasTimeConflict returns false when there are no existing reservations" time="0">
    </testcase>
    <testcase classname="isCancellationAllowed vrátí hodnotu true pokud je zrušení více než 1 hodinu před začátkem" name="isCancellationAllowed vrátí hodnotu true pokud je zrušení více než 1 hodinu před začátkem" time="0">
    </testcase>
    <testcase classname="isCancellationAllowed vrátí hodnotu false pokud je zrušení méně než 1 hodina před začátkem" name="isCancellationAllowed vrátí hodnotu false pokud je zrušení méně než 1 hodina před začátkem" time="0">
    </testcase>
    <testcase classname="isCancellationAllowed vrátí hodnotu false při pokusu o zrušení předchozí rezervace" name="isCancellationAllowed vrátí hodnotu false při pokusu o zrušení předchozí rezervace" time="0">
    </testcase>
    <testcase classname="canUserModifyReservation vrací hodnotu true pokud je uživatel vlastníkem rezervace" name="canUserModifyReservation vrací hodnotu true pokud je uživatel vlastníkem rezervace" time="0">
    </testcase>
    <testcase classname="canUserModifyReservation vrací hodnotu true pokud je uživatel administrátorem (i když není vlastníkem))" name="canUserModifyReservation vrací hodnotu true pokud je uživatel administrátorem (i když není vlastníkem))" time="0">
    </testcase>
    <testcase classname="canUserModifyReservation vrátí false pokud uživatel není vlastníkem ani administrátorem" name="canUserModifyReservation vrátí false pokud uživatel není vlastníkem ani administrátorem" time="0.001">
    </testcase>
    <testcase classname="isWithinMaxDuration vrátí hodnotu true pokud je rezervace přesně 4 hodiny" name="isWithinMaxDuration vrátí hodnotu true pokud je rezervace přesně 4 hodiny" time="0">
    </testcase>
    <testcase classname="isWithinMaxDuration vrátí hodnotu false pokud rezervace překročí 4 hodiny" name="isWithinMaxDuration vrátí hodnotu false pokud rezervace překročí 4 hodiny" time="0">
    </testcase>
    <testcase classname="isWithinMaxDuration vrátí hodnotu true pokud je rezervace 1 hodina" name="isWithinMaxDuration vrátí hodnotu true pokud je rezervace 1 hodina" time="0.001">
    </testcase>
    <testcase classname="isReservationInFuture vrací hodnotu true pokud je čas začátku v budoucnosti" name="isReservationInFuture vrací hodnotu true pokud je čas začátku v budoucnosti" time="0">
    </testcase>
    <testcase classname="isReservationInFuture vrátí hodnotu false pokud je čas začátku v minulosti" name="isReservationInFuture vrátí hodnotu false pokud je čas začátku v minulosti" time="0">
    </testcase>
    <testcase classname="isReservationInFuture vrátí false když je čas zahájení právě teď" name="isReservationInFuture vrátí false když je čas zahájení právě teď" time="0">
    </testcase>
  </testsuite>
</testsuites>